2025-05-19 13:56:07,512 [Worker-1: Loading available Gradle versions] INFO  o.e.b.c.i.u.g.PublishedGradleVersions - Gradle version information cache is up-to-date. Trying to read.
2025-05-19 13:59:14,571 [Worker-25: Launching mavenrun-99506860-7791-4573-b687-2ec47f91bc0e] INFO  o.eclipse.m2e.core.internal.Bundles - getClasspathEntries(Bundle=org.eclipse.m2e.maven.runtime_3.9.400.20230826-0755 [297])
2025-05-19 13:59:14,576 [Worker-25: Launching mavenrun-99506860-7791-4573-b687-2ec47f91bc0e] INFO  o.eclipse.m2e.core.internal.Bundles - 	Entry: C:\Users\Amulya\.p2\pool\plugins\org.eclipse.m2e.maven.runtime_3.9.400.20230826-0755
2025-05-19 13:59:14,578 [Worker-25: Launching mavenrun-99506860-7791-4573-b687-2ec47f91bc0e] INFO  o.eclipse.m2e.core.internal.Bundles - 	Entry: C:\Users\Amulya\.p2\pool\plugins\org.eclipse.m2e.maven.runtime_3.9.400.20230826-0755\jars\aether-connector-okhttp-0.17.8.jar
2025-05-19 13:59:14,579 [Worker-25: Launching mavenrun-99506860-7791-4573-b687-2ec47f91bc0e] INFO  o.eclipse.m2e.core.internal.Bundles - 	Entry: C:\Users\Amulya\.p2\pool\plugins\org.eclipse.m2e.maven.runtime_3.9.400.20230826-0755\jars\aopalliance-1.0.jar
2025-05-19 13:59:14,579 [Worker-25: Launching mavenrun-99506860-7791-4573-b687-2ec47f91bc0e] INFO  o.eclipse.m2e.core.internal.Bundles - 	Entry: C:\Users\Amulya\.p2\pool\plugins\org.eclipse.m2e.maven.runtime_3.9.400.20230826-0755\jars\commons-lang3-3.12.0.jar
2025-05-19 13:59:14,579 [Worker-25: Launching mavenrun-99506860-7791-4573-b687-2ec47f91bc0e] INFO  o.eclipse.m2e.core.internal.Bundles - 	Entry: C:\Users\Amulya\.p2\pool\plugins\org.eclipse.m2e.maven.runtime_3.9.400.20230826-0755\jars\guice-5.1.0.jar
2025-05-19 13:59:14,580 [Worker-25: Launching mavenrun-99506860-7791-4573-b687-2ec47f91bc0e] INFO  o.eclipse.m2e.core.internal.Bundles - 	Entry: C:\Users\Amulya\.p2\pool\plugins\org.eclipse.m2e.maven.runtime_3.9.400.20230826-0755\jars\jansi-2.4.0.jar
2025-05-19 13:59:14,580 [Worker-25: Launching mavenrun-99506860-7791-4573-b687-2ec47f91bc0e] INFO  o.eclipse.m2e.core.internal.Bundles - 	Entry: C:\Users\Amulya\.p2\pool\plugins\org.eclipse.m2e.maven.runtime_3.9.400.20230826-0755\jars\maven-artifact-3.9.4.jar
2025-05-19 13:59:14,580 [Worker-25: Launching mavenrun-99506860-7791-4573-b687-2ec47f91bc0e] INFO  o.eclipse.m2e.core.internal.Bundles - 	Entry: C:\Users\Amulya\.p2\pool\plugins\org.eclipse.m2e.maven.runtime_3.9.400.20230826-0755\jars\maven-builder-support-3.9.4.jar
2025-05-19 13:59:14,580 [Worker-25: Launching mavenrun-99506860-7791-4573-b687-2ec47f91bc0e] INFO  o.eclipse.m2e.core.internal.Bundles - 	Entry: C:\Users\Amulya\.p2\pool\plugins\org.eclipse.m2e.maven.runtime_3.9.400.20230826-0755\jars\maven-compat-3.9.4.jar
2025-05-19 13:59:14,581 [Worker-25: Launching mavenrun-99506860-7791-4573-b687-2ec47f91bc0e] INFO  o.eclipse.m2e.core.internal.Bundles - 	Entry: C:\Users\Amulya\.p2\pool\plugins\org.eclipse.m2e.maven.runtime_3.9.400.20230826-0755\jars\maven-core-3.9.4.jar
2025-05-19 13:59:14,581 [Worker-25: Launching mavenrun-99506860-7791-4573-b687-2ec47f91bc0e] INFO  o.eclipse.m2e.core.internal.Bundles - 	Entry: C:\Users\Amulya\.p2\pool\plugins\org.eclipse.m2e.maven.runtime_3.9.400.20230826-0755\jars\maven-embedder-3.9.4.jar
2025-05-19 13:59:14,581 [Worker-25: Launching mavenrun-99506860-7791-4573-b687-2ec47f91bc0e] INFO  o.eclipse.m2e.core.internal.Bundles - 	Entry: C:\Users\Amulya\.p2\pool\plugins\org.eclipse.m2e.maven.runtime_3.9.400.20230826-0755\jars\maven-model-3.9.4.jar
2025-05-19 13:59:14,581 [Worker-25: Launching mavenrun-99506860-7791-4573-b687-2ec47f91bc0e] INFO  o.eclipse.m2e.core.internal.Bundles - 	Entry: C:\Users\Amulya\.p2\pool\plugins\org.eclipse.m2e.maven.runtime_3.9.400.20230826-0755\jars\maven-model-builder-3.9.4.jar
2025-05-19 13:59:14,582 [Worker-25: Launching mavenrun-99506860-7791-4573-b687-2ec47f91bc0e] INFO  o.eclipse.m2e.core.internal.Bundles - 	Entry: C:\Users\Amulya\.p2\pool\plugins\org.eclipse.m2e.maven.runtime_3.9.400.20230826-0755\jars\maven-plugin-api-3.9.4.jar
2025-05-19 13:59:14,582 [Worker-25: Launching mavenrun-99506860-7791-4573-b687-2ec47f91bc0e] INFO  o.eclipse.m2e.core.internal.Bundles - 	Entry: C:\Users\Amulya\.p2\pool\plugins\org.eclipse.m2e.maven.runtime_3.9.400.20230826-0755\jars\maven-repository-metadata-3.9.4.jar
2025-05-19 13:59:14,582 [Worker-25: Launching mavenrun-99506860-7791-4573-b687-2ec47f91bc0e] INFO  o.eclipse.m2e.core.internal.Bundles - 	Entry: C:\Users\Amulya\.p2\pool\plugins\org.eclipse.m2e.maven.runtime_3.9.400.20230826-0755\jars\maven-resolver-api-1.9.14.jar
2025-05-19 13:59:14,583 [Worker-25: Launching mavenrun-99506860-7791-4573-b687-2ec47f91bc0e] INFO  o.eclipse.m2e.core.internal.Bundles - 	Entry: C:\Users\Amulya\.p2\pool\plugins\org.eclipse.m2e.maven.runtime_3.9.400.20230826-0755\jars\maven-resolver-connector-basic-1.9.14.jar
2025-05-19 13:59:14,583 [Worker-25: Launching mavenrun-99506860-7791-4573-b687-2ec47f91bc0e] INFO  o.eclipse.m2e.core.internal.Bundles - 	Entry: C:\Users\Amulya\.p2\pool\plugins\org.eclipse.m2e.maven.runtime_3.9.400.20230826-0755\jars\maven-resolver-impl-1.9.14.jar
2025-05-19 13:59:14,583 [Worker-25: Launching mavenrun-99506860-7791-4573-b687-2ec47f91bc0e] INFO  o.eclipse.m2e.core.internal.Bundles - 	Entry: C:\Users\Amulya\.p2\pool\plugins\org.eclipse.m2e.maven.runtime_3.9.400.20230826-0755\jars\maven-resolver-named-locks-1.9.14.jar
2025-05-19 13:59:14,583 [Worker-25: Launching mavenrun-99506860-7791-4573-b687-2ec47f91bc0e] INFO  o.eclipse.m2e.core.internal.Bundles - 	Entry: C:\Users\Amulya\.p2\pool\plugins\org.eclipse.m2e.maven.runtime_3.9.400.20230826-0755\jars\maven-resolver-provider-3.9.4.jar
2025-05-19 13:59:14,584 [Worker-25: Launching mavenrun-99506860-7791-4573-b687-2ec47f91bc0e] INFO  o.eclipse.m2e.core.internal.Bundles - 	Entry: C:\Users\Amulya\.p2\pool\plugins\org.eclipse.m2e.maven.runtime_3.9.400.20230826-0755\jars\maven-resolver-spi-1.9.14.jar
2025-05-19 13:59:14,585 [Worker-25: Launching mavenrun-99506860-7791-4573-b687-2ec47f91bc0e] INFO  o.eclipse.m2e.core.internal.Bundles - 	Entry: C:\Users\Amulya\.p2\pool\plugins\org.eclipse.m2e.maven.runtime_3.9.400.20230826-0755\jars\maven-resolver-transport-wagon-1.9.14.jar
2025-05-19 13:59:14,585 [Worker-25: Launching mavenrun-99506860-7791-4573-b687-2ec47f91bc0e] INFO  o.eclipse.m2e.core.internal.Bundles - 	Entry: C:\Users\Amulya\.p2\pool\plugins\org.eclipse.m2e.maven.runtime_3.9.400.20230826-0755\jars\maven-resolver-util-1.9.14.jar
2025-05-19 13:59:14,585 [Worker-25: Launching mavenrun-99506860-7791-4573-b687-2ec47f91bc0e] INFO  o.eclipse.m2e.core.internal.Bundles - 	Entry: C:\Users\Amulya\.p2\pool\plugins\org.eclipse.m2e.maven.runtime_3.9.400.20230826-0755\jars\maven-settings-3.9.4.jar
2025-05-19 13:59:14,585 [Worker-25: Launching mavenrun-99506860-7791-4573-b687-2ec47f91bc0e] INFO  o.eclipse.m2e.core.internal.Bundles - 	Entry: C:\Users\Amulya\.p2\pool\plugins\org.eclipse.m2e.maven.runtime_3.9.400.20230826-0755\jars\maven-settings-builder-3.9.4.jar
2025-05-19 13:59:14,586 [Worker-25: Launching mavenrun-99506860-7791-4573-b687-2ec47f91bc0e] INFO  o.eclipse.m2e.core.internal.Bundles - 	Entry: C:\Users\Amulya\.p2\pool\plugins\org.eclipse.m2e.maven.runtime_3.9.400.20230826-0755\jars\maven-shared-utils-3.3.4.jar
2025-05-19 13:59:14,586 [Worker-25: Launching mavenrun-99506860-7791-4573-b687-2ec47f91bc0e] INFO  o.eclipse.m2e.core.internal.Bundles - 	Entry: C:\Users\Amulya\.p2\pool\plugins\org.eclipse.m2e.maven.runtime_3.9.400.20230826-0755\jars\okhttp-3.14.1.jar
2025-05-19 13:59:14,586 [Worker-25: Launching mavenrun-99506860-7791-4573-b687-2ec47f91bc0e] INFO  o.eclipse.m2e.core.internal.Bundles - 	Entry: C:\Users\Amulya\.p2\pool\plugins\org.eclipse.m2e.maven.runtime_3.9.400.20230826-0755\jars\okio-1.17.3.jar
2025-05-19 13:59:14,587 [Worker-25: Launching mavenrun-99506860-7791-4573-b687-2ec47f91bc0e] INFO  o.eclipse.m2e.core.internal.Bundles - 	Entry: C:\Users\Amulya\.p2\pool\plugins\org.eclipse.m2e.maven.runtime_3.9.400.20230826-0755\jars\org.eclipse.sisu.inject-0.3.5.jar
2025-05-19 13:59:14,587 [Worker-25: Launching mavenrun-99506860-7791-4573-b687-2ec47f91bc0e] INFO  o.eclipse.m2e.core.internal.Bundles - 	Entry: C:\Users\Amulya\.p2\pool\plugins\org.eclipse.m2e.maven.runtime_3.9.400.20230826-0755\jars\org.eclipse.sisu.plexus-0.3.5.jar
2025-05-19 13:59:14,587 [Worker-25: Launching mavenrun-99506860-7791-4573-b687-2ec47f91bc0e] INFO  o.eclipse.m2e.core.internal.Bundles - 	Entry: C:\Users\Amulya\.p2\pool\plugins\org.eclipse.m2e.maven.runtime_3.9.400.20230826-0755\jars\plexus-build-api-0.0.7.jar
2025-05-19 13:59:14,588 [Worker-25: Launching mavenrun-99506860-7791-4573-b687-2ec47f91bc0e] INFO  o.eclipse.m2e.core.internal.Bundles - 	Entry: C:\Users\Amulya\.p2\pool\plugins\org.eclipse.m2e.maven.runtime_3.9.400.20230826-0755\jars\plexus-cipher-2.0.jar
2025-05-19 13:59:14,588 [Worker-25: Launching mavenrun-99506860-7791-4573-b687-2ec47f91bc0e] INFO  o.eclipse.m2e.core.internal.Bundles - 	Entry: C:\Users\Amulya\.p2\pool\plugins\org.eclipse.m2e.maven.runtime_3.9.400.20230826-0755\jars\plexus-classworlds-2.7.0.jar
2025-05-19 13:59:14,588 [Worker-25: Launching mavenrun-99506860-7791-4573-b687-2ec47f91bc0e] INFO  o.eclipse.m2e.core.internal.Bundles - 	Entry: C:\Users\Amulya\.p2\pool\plugins\org.eclipse.m2e.maven.runtime_3.9.400.20230826-0755\jars\plexus-component-annotations-2.1.0.jar
2025-05-19 13:59:14,589 [Worker-25: Launching mavenrun-99506860-7791-4573-b687-2ec47f91bc0e] INFO  o.eclipse.m2e.core.internal.Bundles - 	Entry: C:\Users\Amulya\.p2\pool\plugins\org.eclipse.m2e.maven.runtime_3.9.400.20230826-0755\jars\plexus-interpolation-1.26.jar
2025-05-19 13:59:14,589 [Worker-25: Launching mavenrun-99506860-7791-4573-b687-2ec47f91bc0e] INFO  o.eclipse.m2e.core.internal.Bundles - 	Entry: C:\Users\Amulya\.p2\pool\plugins\org.eclipse.m2e.maven.runtime_3.9.400.20230826-0755\jars\plexus-sec-dispatcher-2.0.jar
2025-05-19 13:59:14,589 [Worker-25: Launching mavenrun-99506860-7791-4573-b687-2ec47f91bc0e] INFO  o.eclipse.m2e.core.internal.Bundles - 	Entry: C:\Users\Amulya\.p2\pool\plugins\org.eclipse.m2e.maven.runtime_3.9.400.20230826-0755\jars\plexus-utils-3.5.1.jar
2025-05-19 13:59:14,589 [Worker-25: Launching mavenrun-99506860-7791-4573-b687-2ec47f91bc0e] INFO  o.eclipse.m2e.core.internal.Bundles - 	Entry: C:\Users\Amulya\.p2\pool\plugins\org.eclipse.m2e.maven.runtime_3.9.400.20230826-0755\jars\wagon-file-3.5.3.jar
2025-05-19 13:59:14,589 [Worker-25: Launching mavenrun-99506860-7791-4573-b687-2ec47f91bc0e] INFO  o.eclipse.m2e.core.internal.Bundles - 	Entry: C:\Users\Amulya\.p2\pool\plugins\org.eclipse.m2e.maven.runtime_3.9.400.20230826-0755\jars\wagon-provider-api-3.5.3.jar
2025-05-19 13:59:14,592 [Worker-25: Launching mavenrun-99506860-7791-4573-b687-2ec47f91bc0e] INFO  o.eclipse.m2e.core.internal.Bundles - getClasspathEntries(Bundle=com.google.guava_32.1.2.jre [10])
2025-05-19 13:59:14,593 [Worker-25: Launching mavenrun-99506860-7791-4573-b687-2ec47f91bc0e] INFO  o.eclipse.m2e.core.internal.Bundles - 	Entry: C:\Users\Amulya\.p2\pool\plugins\com.google.guava_32.1.2.jre.jar
2025-05-19 13:59:14,593 [Worker-25: Launching mavenrun-99506860-7791-4573-b687-2ec47f91bc0e] INFO  o.eclipse.m2e.core.internal.Bundles - getClasspathEntries(Bundle=slf4j.api_2.0.9 [518])
2025-05-19 13:59:14,593 [Worker-25: Launching mavenrun-99506860-7791-4573-b687-2ec47f91bc0e] INFO  o.eclipse.m2e.core.internal.Bundles - 	Entry: C:\Users\Amulya\.p2\pool\plugins\slf4j.api_2.0.9.jar
2025-05-19 13:59:14,593 [Worker-25: Launching mavenrun-99506860-7791-4573-b687-2ec47f91bc0e] INFO  o.eclipse.m2e.core.internal.Bundles - getClasspathEntries(Bundle=javax.inject_1.0.0.v20220405-0441 [26])
2025-05-19 13:59:14,593 [Worker-25: Launching mavenrun-99506860-7791-4573-b687-2ec47f91bc0e] INFO  o.eclipse.m2e.core.internal.Bundles - 	Entry: C:\Users\Amulya\.p2\pool\plugins\javax.inject_1.0.0.v20220405-0441.jar
2025-05-19 13:59:14,594 [Worker-25: Launching mavenrun-99506860-7791-4573-b687-2ec47f91bc0e] INFO  o.eclipse.m2e.core.internal.Bundles - getClasspathEntries(Bundle=javax.annotation_1.3.5.v20200909-1856 [24])
2025-05-19 13:59:14,594 [Worker-25: Launching mavenrun-99506860-7791-4573-b687-2ec47f91bc0e] INFO  o.eclipse.m2e.core.internal.Bundles - 	Entry: C:\Users\Amulya\.p2\pool\plugins\javax.annotation_1.3.5.v20200909-1856.jar
2025-05-19 13:59:14,594 [Worker-25: Launching mavenrun-99506860-7791-4573-b687-2ec47f91bc0e] INFO  o.eclipse.m2e.core.internal.Bundles - getClasspathEntries(Bundle=org.apache.commons.cli_1.5.0 [49])
2025-05-19 13:59:14,595 [Worker-25: Launching mavenrun-99506860-7791-4573-b687-2ec47f91bc0e] INFO  o.eclipse.m2e.core.internal.Bundles - 	Entry: C:\Users\Amulya\.p2\pool\plugins\org.apache.commons.cli_1.5.0.jar
2025-05-19 13:59:14,595 [Worker-25: Launching mavenrun-99506860-7791-4573-b687-2ec47f91bc0e] INFO  o.eclipse.m2e.core.internal.Bundles - getClasspathEntries(Bundle=com.google.guava.failureaccess_1.0.1 [12])
2025-05-19 13:59:14,596 [Worker-25: Launching mavenrun-99506860-7791-4573-b687-2ec47f91bc0e] INFO  o.eclipse.m2e.core.internal.Bundles - 	Entry: C:\Users\Amulya\.p2\pool\plugins\com.google.guava.failureaccess_1.0.1.jar
2025-05-19 13:59:14,604 [Worker-25: Launching mavenrun-99506860-7791-4573-b687-2ec47f91bc0e] INFO  o.e.m.i.launch.MavenLaunchDelegate - Run build in "C:\Users\Amulya\AppData\Local\Temp\m2e-archetypeGenerator12673752921324396767":
2025-05-19 13:59:14,608 [Worker-25: Launching mavenrun-99506860-7791-4573-b687-2ec47f91bc0e] INFO  o.e.m.i.launch.MavenLaunchDelegate -  mvn  -DarchetypeGroupId=org.apache.maven.archetypes -DarchetypeArtifactId=maven-archetype-quickstart -DarchetypeVersion=1.1 -DgroupId=Project_Work -DartifactId=Workspace -Dversion=0.0.1-SNAPSHOT -Dpackage=Project_Work.Workspace -DoutputDirectory="D:\Eclipse Code Files\Semester-2\Project" -Dstyle.color=always -U archetype:generate
2025-05-19 14:01:17,536 [Worker-29: Creating maven-archetype-quickstart] INFO  o.e.m.c.i.p.ProjectConfigurationManager - Collecting project info '/pom.xml' D:\Eclipse Code Files\Semester-2\Project\Workspace\pom.xml
2025-05-19 14:01:18,318 [Worker-29: Creating maven-archetype-quickstart] INFO  o.e.m.c.i.l.LifecycleMappingFactory - Using org.eclipse.m2e.jdt.JarLifecycleMapping lifecycle mapping for MavenProject: Project_Work:Workspace:0.0.1-SNAPSHOT @ D:\Eclipse Code Files\Semester-2\Project\Workspace\pom.xml.
2025-05-19 14:01:19,069 [Worker-29: Creating maven-archetype-quickstart] INFO  o.e.m.j.i.AbstractJavaProjectConfigurator - Adding source folder /Workspace/src/main/java
2025-05-19 14:01:19,070 [Worker-29: Creating maven-archetype-quickstart] INFO  o.e.m.j.i.AbstractJavaProjectConfigurator - Adding resource folder /Workspace/src/main/resources
2025-05-19 14:01:19,077 [Worker-29: Creating maven-archetype-quickstart] INFO  o.e.m.j.i.AbstractJavaProjectConfigurator - Adding source folder /Workspace/src/test/java
2025-05-19 14:01:19,078 [Worker-29: Creating maven-archetype-quickstart] INFO  o.e.m.j.i.AbstractJavaProjectConfigurator - Adding resource folder /Workspace/src/test/resources
2025-05-19 14:01:19,265 [Worker-29: Creating maven-archetype-quickstart] INFO  o.e.m.c.i.p.ProjectConfigurationManager - Imported and configured 1 project(s) in 1 sec
2025-05-19 14:01:20,193 [Worker-3: Building] INFO  o.a.m.s.f.DefaultMavenResourcesFiltering - skip non existing resourceDirectory D:\Eclipse Code Files\Semester-2\Project\Workspace\src\main\resources
2025-05-19 14:01:20,198 [Worker-3: Building] INFO  o.a.m.s.f.DefaultMavenResourcesFiltering - skip non existing resourceDirectory D:\Eclipse Code Files\Semester-2\Project\Workspace\src\test\resources
2025-05-19 14:08:31,214 [Worker-25: Building] INFO  o.e.m.c.i.l.LifecycleMappingFactory - Using org.eclipse.m2e.jdt.JarLifecycleMapping lifecycle mapping for MavenProject: Project_Work:Workspace:0.0.1-SNAPSHOT @ D:\Eclipse Code Files\Semester-2\Project\Workspace\pom.xml.
2025-05-19 14:08:31,665 [Worker-25: Building] INFO  o.e.m.c.i.e.AbstractTransferListenerAdapter - Downloading https://repo.maven.apache.org/maven2/org/springframework/spring-core/7.0.0-M5/spring-core-7.0.0-M5.pom
2025-05-19 14:08:31,737 [Worker-25: Building] INFO  o.e.m.c.i.e.AbstractTransferListenerAdapter - Downloaded https://repo.maven.apache.org/maven2/org/springframework/spring-core/7.0.0-M5/spring-core-7.0.0-M5.pom
2025-05-19 14:08:31,844 [Worker-25: Building] INFO  o.e.m.c.i.e.AbstractTransferListenerAdapter - Downloading https://repo.maven.apache.org/maven2/commons-logging/commons-logging/1.3.5/commons-logging-1.3.5.pom
2025-05-19 14:08:31,930 [Worker-25: Building] INFO  o.e.m.c.i.e.AbstractTransferListenerAdapter - Downloaded https://repo.maven.apache.org/maven2/commons-logging/commons-logging/1.3.5/commons-logging-1.3.5.pom
2025-05-19 14:08:31,994 [Worker-25: Building] INFO  o.e.m.c.i.e.AbstractTransferListenerAdapter - Downloading https://repo.maven.apache.org/maven2/org/jspecify/jspecify/1.0.0/jspecify-1.0.0.pom
2025-05-19 14:08:32,059 [Worker-25: Building] INFO  o.e.m.c.i.e.AbstractTransferListenerAdapter - Downloaded https://repo.maven.apache.org/maven2/org/jspecify/jspecify/1.0.0/jspecify-1.0.0.pom
2025-05-19 14:08:32,106 [Worker-25: Building] INFO  o.e.m.c.i.e.AbstractTransferListenerAdapter - Downloading https://repo.maven.apache.org/maven2/org/springframework/spring-context/7.0.0-M5/spring-context-7.0.0-M5.pom
2025-05-19 14:08:32,155 [Worker-25: Building] INFO  o.e.m.c.i.e.AbstractTransferListenerAdapter - Downloaded https://repo.maven.apache.org/maven2/org/springframework/spring-context/7.0.0-M5/spring-context-7.0.0-M5.pom
2025-05-19 14:08:32,235 [Worker-25: Building] INFO  o.e.m.c.i.e.AbstractTransferListenerAdapter - Downloading https://repo.maven.apache.org/maven2/org/springframework/spring-aop/7.0.0-M5/spring-aop-7.0.0-M5.pom
2025-05-19 14:08:32,277 [Worker-25: Building] INFO  o.e.m.c.i.e.AbstractTransferListenerAdapter - Downloaded https://repo.maven.apache.org/maven2/org/springframework/spring-aop/7.0.0-M5/spring-aop-7.0.0-M5.pom
2025-05-19 14:08:32,327 [Worker-25: Building] INFO  o.e.m.c.i.e.AbstractTransferListenerAdapter - Downloading https://repo.maven.apache.org/maven2/org/springframework/spring-beans/7.0.0-M5/spring-beans-7.0.0-M5.pom
2025-05-19 14:08:32,398 [Worker-25: Building] INFO  o.e.m.c.i.e.AbstractTransferListenerAdapter - Downloaded https://repo.maven.apache.org/maven2/org/springframework/spring-beans/7.0.0-M5/spring-beans-7.0.0-M5.pom
2025-05-19 14:08:32,441 [Worker-25: Building] INFO  o.e.m.c.i.e.AbstractTransferListenerAdapter - Downloading https://repo.maven.apache.org/maven2/org/springframework/spring-expression/7.0.0-M5/spring-expression-7.0.0-M5.pom
2025-05-19 14:08:32,553 [Worker-25: Building] INFO  o.e.m.c.i.e.AbstractTransferListenerAdapter - Downloaded https://repo.maven.apache.org/maven2/org/springframework/spring-expression/7.0.0-M5/spring-expression-7.0.0-M5.pom
2025-05-19 14:08:32,617 [Worker-25: Building] INFO  o.e.m.c.i.e.AbstractTransferListenerAdapter - Downloading https://repo.maven.apache.org/maven2/io/micrometer/micrometer-observation/1.15.0/micrometer-observation-1.15.0.pom
2025-05-19 14:08:32,686 [Worker-25: Building] INFO  o.e.m.c.i.e.AbstractTransferListenerAdapter - Downloaded https://repo.maven.apache.org/maven2/io/micrometer/micrometer-observation/1.15.0/micrometer-observation-1.15.0.pom
2025-05-19 14:08:32,740 [Worker-25: Building] INFO  o.e.m.c.i.e.AbstractTransferListenerAdapter - Downloading https://repo.maven.apache.org/maven2/io/micrometer/micrometer-commons/1.15.0/micrometer-commons-1.15.0.pom
2025-05-19 14:08:32,825 [Worker-25: Building] INFO  o.e.m.c.i.e.AbstractTransferListenerAdapter - Downloaded https://repo.maven.apache.org/maven2/io/micrometer/micrometer-commons/1.15.0/micrometer-commons-1.15.0.pom
2025-05-19 14:08:32,905 [AetherRepositoryConnector-repo.maven.apache.org-0-0] INFO  o.e.m.c.i.e.AbstractTransferListenerAdapter - Downloading https://repo.maven.apache.org/maven2/org/springframework/spring-core/7.0.0-M5/spring-core-7.0.0-M5.jar
2025-05-19 14:08:32,974 [AetherRepositoryConnector-repo.maven.apache.org-0-2] INFO  o.e.m.c.i.e.AbstractTransferListenerAdapter - Downloading https://repo.maven.apache.org/maven2/org/jspecify/jspecify/1.0.0/jspecify-1.0.0.jar
2025-05-19 14:08:32,974 [AetherRepositoryConnector-repo.maven.apache.org-0-3] INFO  o.e.m.c.i.e.AbstractTransferListenerAdapter - Downloading https://repo.maven.apache.org/maven2/org/springframework/spring-context/7.0.0-M5/spring-context-7.0.0-M5.jar
2025-05-19 14:08:32,974 [AetherRepositoryConnector-repo.maven.apache.org-0-4] INFO  o.e.m.c.i.e.AbstractTransferListenerAdapter - Downloading https://repo.maven.apache.org/maven2/org/springframework/spring-aop/7.0.0-M5/spring-aop-7.0.0-M5.jar
2025-05-19 14:08:32,974 [AetherRepositoryConnector-repo.maven.apache.org-0-1] INFO  o.e.m.c.i.e.AbstractTransferListenerAdapter - Downloading https://repo.maven.apache.org/maven2/commons-logging/commons-logging/1.3.5/commons-logging-1.3.5.jar
2025-05-19 14:08:33,248 [AetherRepositoryConnector-repo.maven.apache.org-0-2] INFO  o.e.m.c.i.e.AbstractTransferListenerAdapter - Downloaded https://repo.maven.apache.org/maven2/org/jspecify/jspecify/1.0.0/jspecify-1.0.0.jar
2025-05-19 14:08:33,458 [AetherRepositoryConnector-repo.maven.apache.org-0-1] INFO  o.e.m.c.i.e.AbstractTransferListenerAdapter - Downloaded https://repo.maven.apache.org/maven2/commons-logging/commons-logging/1.3.5/commons-logging-1.3.5.jar
2025-05-19 14:08:33,561 [AetherRepositoryConnector-repo.maven.apache.org-0-2] INFO  o.e.m.c.i.e.AbstractTransferListenerAdapter - Downloading https://repo.maven.apache.org/maven2/org/springframework/spring-beans/7.0.0-M5/spring-beans-7.0.0-M5.jar
2025-05-19 14:08:33,593 [AetherRepositoryConnector-repo.maven.apache.org-0-4] INFO  o.e.m.c.i.e.AbstractTransferListenerAdapter - Downloaded https://repo.maven.apache.org/maven2/org/springframework/spring-aop/7.0.0-M5/spring-aop-7.0.0-M5.jar
2025-05-19 14:08:33,802 [AetherRepositoryConnector-repo.maven.apache.org-0-1] INFO  o.e.m.c.i.e.AbstractTransferListenerAdapter - Downloading https://repo.maven.apache.org/maven2/org/springframework/spring-expression/7.0.0-M5/spring-expression-7.0.0-M5.jar
2025-05-19 14:08:33,904 [AetherRepositoryConnector-repo.maven.apache.org-0-4] INFO  o.e.m.c.i.e.AbstractTransferListenerAdapter - Downloading https://repo.maven.apache.org/maven2/io/micrometer/micrometer-observation/1.15.0/micrometer-observation-1.15.0.jar
2025-05-19 14:08:34,011 [AetherRepositoryConnector-repo.maven.apache.org-0-3] INFO  o.e.m.c.i.e.AbstractTransferListenerAdapter - Downloaded https://repo.maven.apache.org/maven2/org/springframework/spring-context/7.0.0-M5/spring-context-7.0.0-M5.jar
2025-05-19 14:08:34,037 [AetherRepositoryConnector-repo.maven.apache.org-0-0] INFO  o.e.m.c.i.e.AbstractTransferListenerAdapter - Downloaded https://repo.maven.apache.org/maven2/org/springframework/spring-core/7.0.0-M5/spring-core-7.0.0-M5.jar
2025-05-19 14:08:34,038 [AetherRepositoryConnector-repo.maven.apache.org-0-4] INFO  o.e.m.c.i.e.AbstractTransferListenerAdapter - Downloaded https://repo.maven.apache.org/maven2/io/micrometer/micrometer-observation/1.15.0/micrometer-observation-1.15.0.jar
2025-05-19 14:08:34,038 [AetherRepositoryConnector-repo.maven.apache.org-0-1] INFO  o.e.m.c.i.e.AbstractTransferListenerAdapter - Downloaded https://repo.maven.apache.org/maven2/org/springframework/spring-expression/7.0.0-M5/spring-expression-7.0.0-M5.jar
2025-05-19 14:08:34,068 [AetherRepositoryConnector-repo.maven.apache.org-0-3] INFO  o.e.m.c.i.e.AbstractTransferListenerAdapter - Downloading https://repo.maven.apache.org/maven2/io/micrometer/micrometer-commons/1.15.0/micrometer-commons-1.15.0.jar
2025-05-19 14:08:34,070 [AetherRepositoryConnector-repo.maven.apache.org-0-2] INFO  o.e.m.c.i.e.AbstractTransferListenerAdapter - Downloaded https://repo.maven.apache.org/maven2/org/springframework/spring-beans/7.0.0-M5/spring-beans-7.0.0-M5.jar
2025-05-19 14:08:34,155 [AetherRepositoryConnector-repo.maven.apache.org-0-3] INFO  o.e.m.c.i.e.AbstractTransferListenerAdapter - Downloaded https://repo.maven.apache.org/maven2/io/micrometer/micrometer-commons/1.15.0/micrometer-commons-1.15.0.jar
2025-05-19 14:08:34,364 [Worker-25: Building] INFO  o.a.m.s.f.DefaultMavenResourcesFiltering - skip non existing resourceDirectory D:\Eclipse Code Files\Semester-2\Project\Workspace\src\main\resources
2025-05-19 14:08:34,368 [Worker-25: Building] INFO  o.a.m.s.f.DefaultMavenResourcesFiltering - skip non existing resourceDirectory D:\Eclipse Code Files\Semester-2\Project\Workspace\src\test\resources
2025-05-19 14:08:35,395 [Worker-43: Download sources and javadoc] INFO  o.e.m.c.i.e.AbstractTransferListenerAdapter - Downloading https://repo.maven.apache.org/maven2/org/springframework/spring-core/7.0.0-M5/spring-core-7.0.0-M5-javadoc.jar
2025-05-19 14:08:37,921 [Worker-43: Download sources and javadoc] INFO  o.e.m.c.i.e.AbstractTransferListenerAdapter - Downloaded https://repo.maven.apache.org/maven2/org/springframework/spring-core/7.0.0-M5/spring-core-7.0.0-M5-javadoc.jar
2025-05-19 14:08:37,926 [Worker-43: Download sources and javadoc] INFO  o.e.m.j.internal.DownloadSourcesJob - Downloaded javadoc for org.springframework:spring-core:7.0.0-M5
2025-05-19 14:08:38,184 [Worker-43: Download sources and javadoc] INFO  o.e.m.c.i.e.AbstractTransferListenerAdapter - Downloading https://repo.maven.apache.org/maven2/commons-logging/commons-logging/1.3.5/commons-logging-1.3.5-sources.jar
2025-05-19 14:08:38,389 [Worker-43: Download sources and javadoc] INFO  o.e.m.c.i.e.AbstractTransferListenerAdapter - Downloaded https://repo.maven.apache.org/maven2/commons-logging/commons-logging/1.3.5/commons-logging-1.3.5-sources.jar
2025-05-19 14:08:38,395 [Worker-43: Download sources and javadoc] INFO  o.e.m.j.internal.DownloadSourcesJob - Downloaded sources for commons-logging:commons-logging:1.3.5
2025-05-19 14:08:48,665 [Worker-43: Download sources and javadoc] INFO  o.e.m.c.i.e.AbstractTransferListenerAdapter - Downloading https://repo.maven.apache.org/maven2/org/jspecify/jspecify/1.0.0/jspecify-1.0.0-sources.jar
2025-05-19 14:08:48,828 [Worker-43: Download sources and javadoc] INFO  o.e.m.c.i.e.AbstractTransferListenerAdapter - Downloaded https://repo.maven.apache.org/maven2/org/jspecify/jspecify/1.0.0/jspecify-1.0.0-sources.jar
2025-05-19 14:08:48,834 [Worker-43: Download sources and javadoc] INFO  o.e.m.j.internal.DownloadSourcesJob - Downloaded sources for org.jspecify:jspecify:1.0.0
2025-05-19 14:08:49,064 [Worker-43: Download sources and javadoc] INFO  o.e.m.c.i.e.AbstractTransferListenerAdapter - Downloading https://repo.maven.apache.org/maven2/org/springframework/spring-context/7.0.0-M5/spring-context-7.0.0-M5-javadoc.jar
2025-05-19 14:08:50,460 [Worker-43: Download sources and javadoc] INFO  o.e.m.c.i.e.AbstractTransferListenerAdapter - Downloaded https://repo.maven.apache.org/maven2/org/springframework/spring-context/7.0.0-M5/spring-context-7.0.0-M5-javadoc.jar
2025-05-19 14:08:50,464 [Worker-43: Download sources and javadoc] INFO  o.e.m.j.internal.DownloadSourcesJob - Downloaded javadoc for org.springframework:spring-context:7.0.0-M5
2025-05-19 14:08:50,668 [Worker-43: Download sources and javadoc] INFO  o.e.m.c.i.e.AbstractTransferListenerAdapter - Downloading https://repo.maven.apache.org/maven2/org/springframework/spring-aop/7.0.0-M5/spring-aop-7.0.0-M5-sources.jar
2025-05-19 14:08:50,917 [Worker-43: Download sources and javadoc] INFO  o.e.m.c.i.e.AbstractTransferListenerAdapter - Downloaded https://repo.maven.apache.org/maven2/org/springframework/spring-aop/7.0.0-M5/spring-aop-7.0.0-M5-sources.jar
2025-05-19 14:08:50,921 [Worker-43: Download sources and javadoc] INFO  o.e.m.j.internal.DownloadSourcesJob - Downloaded sources for org.springframework:spring-aop:7.0.0-M5
2025-05-19 14:08:51,179 [Worker-43: Download sources and javadoc] INFO  o.e.m.c.i.e.AbstractTransferListenerAdapter - Downloading https://repo.maven.apache.org/maven2/org/springframework/spring-beans/7.0.0-M5/spring-beans-7.0.0-M5-sources.jar
2025-05-19 14:08:51,592 [Worker-43: Download sources and javadoc] INFO  o.e.m.c.i.e.AbstractTransferListenerAdapter - Downloaded https://repo.maven.apache.org/maven2/org/springframework/spring-beans/7.0.0-M5/spring-beans-7.0.0-M5-sources.jar
2025-05-19 14:08:51,598 [Worker-43: Download sources and javadoc] INFO  o.e.m.j.internal.DownloadSourcesJob - Downloaded sources for org.springframework:spring-beans:7.0.0-M5
2025-05-19 14:08:51,790 [Worker-43: Download sources and javadoc] INFO  o.e.m.c.i.e.AbstractTransferListenerAdapter - Downloading https://repo.maven.apache.org/maven2/org/springframework/spring-expression/7.0.0-M5/spring-expression-7.0.0-M5-sources.jar
2025-05-19 14:08:51,924 [Worker-43: Download sources and javadoc] INFO  o.e.m.c.i.e.AbstractTransferListenerAdapter - Downloaded https://repo.maven.apache.org/maven2/org/springframework/spring-expression/7.0.0-M5/spring-expression-7.0.0-M5-sources.jar
2025-05-19 14:08:51,958 [Worker-43: Download sources and javadoc] INFO  o.e.m.j.internal.DownloadSourcesJob - Downloaded sources for org.springframework:spring-expression:7.0.0-M5
2025-05-19 14:08:52,245 [Worker-43: Download sources and javadoc] INFO  o.e.m.c.i.e.AbstractTransferListenerAdapter - Downloading https://repo.maven.apache.org/maven2/io/micrometer/micrometer-observation/1.15.0/micrometer-observation-1.15.0-sources.jar
2025-05-19 14:08:52,385 [Worker-43: Download sources and javadoc] INFO  o.e.m.c.i.e.AbstractTransferListenerAdapter - Downloaded https://repo.maven.apache.org/maven2/io/micrometer/micrometer-observation/1.15.0/micrometer-observation-1.15.0-sources.jar
2025-05-19 14:08:52,391 [Worker-43: Download sources and javadoc] INFO  o.e.m.j.internal.DownloadSourcesJob - Downloaded sources for io.micrometer:micrometer-observation:1.15.0
2025-05-19 14:08:55,589 [Worker-43: Download sources and javadoc] INFO  o.e.m.c.i.e.AbstractTransferListenerAdapter - Downloading https://repo.maven.apache.org/maven2/io/micrometer/micrometer-commons/1.15.0/micrometer-commons-1.15.0-sources.jar
2025-05-19 14:08:55,668 [Worker-43: Download sources and javadoc] INFO  o.e.m.c.i.e.AbstractTransferListenerAdapter - Downloaded https://repo.maven.apache.org/maven2/io/micrometer/micrometer-commons/1.15.0/micrometer-commons-1.15.0-sources.jar
2025-05-19 14:08:55,673 [Worker-43: Download sources and javadoc] INFO  o.e.m.j.internal.DownloadSourcesJob - Downloaded sources for io.micrometer:micrometer-commons:1.15.0
2025-05-19 14:09:49,905 [Worker-46: Updating Maven Project] INFO  o.e.m.c.i.p.ProjectConfigurationManager - Update started
2025-05-19 14:09:50,093 [Worker-46: Updating Maven Project] INFO  o.e.m.c.i.l.LifecycleMappingFactory - Using org.eclipse.m2e.jdt.JarLifecycleMapping lifecycle mapping for MavenProject: Project_Work:Workspace:0.0.1-SNAPSHOT @ D:\Eclipse Code Files\Semester-2\Project\Workspace\pom.xml.
2025-05-19 14:09:50,505 [Worker-46: Updating Maven Project] INFO  o.e.m.j.i.AbstractJavaProjectConfigurator - Adding source folder /Workspace/src/main/java
2025-05-19 14:09:50,505 [Worker-46: Updating Maven Project] INFO  o.e.m.j.i.AbstractJavaProjectConfigurator - Adding resource folder /Workspace/src/main/resources
2025-05-19 14:09:50,506 [Worker-46: Updating Maven Project] INFO  o.e.m.j.i.AbstractJavaProjectConfigurator - Adding source folder /Workspace/src/test/java
2025-05-19 14:09:50,506 [Worker-46: Updating Maven Project] INFO  o.e.m.j.i.AbstractJavaProjectConfigurator - Adding resource folder /Workspace/src/test/resources
2025-05-19 14:09:50,605 [Worker-46: Updating Maven Project] INFO  o.e.m.c.i.p.ProjectConfigurationManager - Update completed for 1 poms: local refresh takes 0.00 sec, refresh facades takes 0.00 sec, update config takes 0.00 sec 
2025-05-19 14:09:50,804 [Worker-42: Building] INFO  o.a.m.s.f.DefaultMavenResourcesFiltering - skip non existing resourceDirectory D:\Eclipse Code Files\Semester-2\Project\Workspace\src\main\resources
2025-05-19 14:09:50,808 [Worker-42: Building] INFO  o.a.m.s.f.DefaultMavenResourcesFiltering - skip non existing resourceDirectory D:\Eclipse Code Files\Semester-2\Project\Workspace\src\test\resources
2025-05-19 14:12:39,299 [Worker-45: Building] INFO  o.a.m.s.f.DefaultMavenResourcesFiltering - Copying 0 resource from src\main\resources to target\classes
2025-05-19 14:12:39,302 [Worker-45: Building] INFO  o.a.m.s.f.DefaultMavenResourcesFiltering - Copying 0 resource from src\test\resources to target\test-classes
2025-05-19 14:14:55,691 [Worker-25: Building] INFO  o.a.m.s.f.DefaultMavenResourcesFiltering - Copying 0 resource from src\main\resources to target\classes
2025-05-19 14:14:55,696 [Worker-25: Building] INFO  o.a.m.s.f.DefaultMavenResourcesFiltering - Copying 0 resource from src\test\resources to target\test-classes
2025-05-19 14:22:05,007 [Worker-25: Building] INFO  o.a.m.s.f.DefaultMavenResourcesFiltering - Copying 0 resource from src\main\resources to target\classes
2025-05-19 14:22:05,010 [Worker-25: Building] INFO  o.a.m.s.f.DefaultMavenResourcesFiltering - Copying 0 resource from src\test\resources to target\test-classes
2025-05-19 14:24:10,777 [Worker-25: Building] INFO  o.a.m.s.f.DefaultMavenResourcesFiltering - Copying 0 resource from src\main\resources to target\classes
2025-05-19 14:24:10,780 [Worker-25: Building] INFO  o.a.m.s.f.DefaultMavenResourcesFiltering - Copying 0 resource from src\test\resources to target\test-classes
2025-05-19 14:26:04,719 [Worker-48: Building] INFO  o.a.m.s.f.DefaultMavenResourcesFiltering - Copying 0 resource from src\main\resources to target\classes
2025-05-19 14:26:04,727 [Worker-48: Building] INFO  o.a.m.s.f.DefaultMavenResourcesFiltering - Copying 0 resource from src\test\resources to target\test-classes
2025-05-19 14:29:18,899 [Worker-48: Building] INFO  o.a.m.s.f.DefaultMavenResourcesFiltering - Copying 0 resource from src\main\resources to target\classes
2025-05-19 14:29:18,902 [Worker-48: Building] INFO  o.a.m.s.f.DefaultMavenResourcesFiltering - Copying 0 resource from src\test\resources to target\test-classes
2025-05-19 14:29:49,615 [Worker-49: Building] INFO  o.a.m.s.f.DefaultMavenResourcesFiltering - Copying 0 resource from src\main\resources to target\classes
2025-05-19 14:29:49,619 [Worker-49: Building] INFO  o.a.m.s.f.DefaultMavenResourcesFiltering - Copying 0 resource from src\test\resources to target\test-classes
2025-05-19 14:30:45,081 [Worker-25: Building] INFO  o.a.m.s.f.DefaultMavenResourcesFiltering - Copying 0 resource from src\main\resources to target\classes
2025-05-19 14:30:45,084 [Worker-25: Building] INFO  o.a.m.s.f.DefaultMavenResourcesFiltering - Copying 0 resource from src\test\resources to target\test-classes
2025-05-19 14:31:13,231 [Worker-49: Building] INFO  o.a.m.s.f.DefaultMavenResourcesFiltering - Copying 0 resource from src\main\resources to target\classes
2025-05-19 14:31:13,240 [Worker-49: Building] INFO  o.a.m.s.f.DefaultMavenResourcesFiltering - Copying 0 resource from src\test\resources to target\test-classes
2025-05-19 14:33:05,963 [Worker-45: Building] INFO  o.a.m.s.f.DefaultMavenResourcesFiltering - Copying 0 resource from src\main\resources to target\classes
2025-05-19 14:33:05,968 [Worker-45: Building] INFO  o.a.m.s.f.DefaultMavenResourcesFiltering - Copying 0 resource from src\test\resources to target\test-classes
2025-05-19 14:35:14,936 [Worker-51: Building] INFO  o.a.m.s.f.DefaultMavenResourcesFiltering - Copying 0 resource from src\main\resources to target\classes
2025-05-19 14:35:14,939 [Worker-51: Building] INFO  o.a.m.s.f.DefaultMavenResourcesFiltering - Copying 0 resource from src\test\resources to target\test-classes
2025-05-19 14:43:41,455 [Worker-48: Building] INFO  o.a.m.s.f.DefaultMavenResourcesFiltering - Copying 0 resource from src\main\resources to target\classes
2025-05-19 14:43:41,458 [Worker-48: Building] INFO  o.a.m.s.f.DefaultMavenResourcesFiltering - Copying 0 resource from src\test\resources to target\test-classes
2025-05-19 14:46:55,234 [Worker-25: Building] INFO  o.a.m.s.f.DefaultMavenResourcesFiltering - Copying 0 resource from src\main\resources to target\classes
2025-05-19 14:46:55,238 [Worker-25: Building] INFO  o.a.m.s.f.DefaultMavenResourcesFiltering - Copying 0 resource from src\test\resources to target\test-classes
2025-05-19 14:50:10,889 [Worker-25: Building] INFO  o.a.m.s.f.DefaultMavenResourcesFiltering - Copying 0 resource from src\main\resources to target\classes
2025-05-19 14:50:10,890 [Worker-25: Building] INFO  o.a.m.s.f.DefaultMavenResourcesFiltering - Copying 0 resource from src\test\resources to target\test-classes
2025-05-19 14:53:47,998 [Worker-51: Building] INFO  o.a.m.s.f.DefaultMavenResourcesFiltering - Copying 0 resource from src\main\resources to target\classes
2025-05-19 14:53:48,007 [Worker-51: Building] INFO  o.a.m.s.f.DefaultMavenResourcesFiltering - Copying 0 resource from src\test\resources to target\test-classes
2025-05-19 14:57:29,281 [Worker-52: Building] INFO  o.a.m.s.f.DefaultMavenResourcesFiltering - Copying 0 resource from src\main\resources to target\classes
2025-05-19 14:57:29,283 [Worker-52: Building] INFO  o.a.m.s.f.DefaultMavenResourcesFiltering - Copying 0 resource from src\test\resources to target\test-classes
2025-05-19 15:01:04,992 [Worker-25: Building] INFO  o.a.m.s.f.DefaultMavenResourcesFiltering - Copying 0 resource from src\main\resources to target\classes
2025-05-19 15:01:04,994 [Worker-25: Building] INFO  o.a.m.s.f.DefaultMavenResourcesFiltering - Copying 0 resource from src\test\resources to target\test-classes
2025-05-19 15:02:28,923 [Worker-57: Building] INFO  o.a.m.s.f.DefaultMavenResourcesFiltering - Copying 0 resource from src\main\resources to target\classes
2025-05-19 15:02:28,924 [Worker-57: Building] INFO  o.a.m.s.f.DefaultMavenResourcesFiltering - Copying 0 resource from src\test\resources to target\test-classes
2025-05-19 15:04:16,951 [Worker-57: Launching App] INFO  o.a.m.s.f.DefaultMavenResourcesFiltering - Copying 0 resource from src\main\resources to target\classes
2025-05-19 15:04:16,954 [Worker-57: Launching App] INFO  o.a.m.s.f.DefaultMavenResourcesFiltering - Copying 0 resource from src\test\resources to target\test-classes
2025-05-20 08:07:24,879 [Worker-4: Loading available Gradle versions] INFO  o.e.b.c.i.u.g.PublishedGradleVersions - Gradle version information cache is up-to-date. Trying to read.
2025-05-20 08:10:45,458 [Worker-8: Launching mavenrun-afa84e40-aa68-49b9-8f4b-c84946dfdfa2] INFO  o.eclipse.m2e.core.internal.Bundles - getClasspathEntries(Bundle=org.eclipse.m2e.maven.runtime_3.9.400.20230826-0755 [297])
2025-05-20 08:10:45,475 [Worker-8: Launching mavenrun-afa84e40-aa68-49b9-8f4b-c84946dfdfa2] INFO  o.eclipse.m2e.core.internal.Bundles - 	Entry: C:\Users\Amulya\.p2\pool\plugins\org.eclipse.m2e.maven.runtime_3.9.400.20230826-0755
2025-05-20 08:10:45,475 [Worker-8: Launching mavenrun-afa84e40-aa68-49b9-8f4b-c84946dfdfa2] INFO  o.eclipse.m2e.core.internal.Bundles - 	Entry: C:\Users\Amulya\.p2\pool\plugins\org.eclipse.m2e.maven.runtime_3.9.400.20230826-0755\jars\aether-connector-okhttp-0.17.8.jar
2025-05-20 08:10:45,476 [Worker-8: Launching mavenrun-afa84e40-aa68-49b9-8f4b-c84946dfdfa2] INFO  o.eclipse.m2e.core.internal.Bundles - 	Entry: C:\Users\Amulya\.p2\pool\plugins\org.eclipse.m2e.maven.runtime_3.9.400.20230826-0755\jars\aopalliance-1.0.jar
2025-05-20 08:10:45,476 [Worker-8: Launching mavenrun-afa84e40-aa68-49b9-8f4b-c84946dfdfa2] INFO  o.eclipse.m2e.core.internal.Bundles - 	Entry: C:\Users\Amulya\.p2\pool\plugins\org.eclipse.m2e.maven.runtime_3.9.400.20230826-0755\jars\commons-lang3-3.12.0.jar
2025-05-20 08:10:45,476 [Worker-8: Launching mavenrun-afa84e40-aa68-49b9-8f4b-c84946dfdfa2] INFO  o.eclipse.m2e.core.internal.Bundles - 	Entry: C:\Users\Amulya\.p2\pool\plugins\org.eclipse.m2e.maven.runtime_3.9.400.20230826-0755\jars\guice-5.1.0.jar
2025-05-20 08:10:45,476 [Worker-8: Launching mavenrun-afa84e40-aa68-49b9-8f4b-c84946dfdfa2] INFO  o.eclipse.m2e.core.internal.Bundles - 	Entry: C:\Users\Amulya\.p2\pool\plugins\org.eclipse.m2e.maven.runtime_3.9.400.20230826-0755\jars\jansi-2.4.0.jar
2025-05-20 08:10:45,476 [Worker-8: Launching mavenrun-afa84e40-aa68-49b9-8f4b-c84946dfdfa2] INFO  o.eclipse.m2e.core.internal.Bundles - 	Entry: C:\Users\Amulya\.p2\pool\plugins\org.eclipse.m2e.maven.runtime_3.9.400.20230826-0755\jars\maven-artifact-3.9.4.jar
2025-05-20 08:10:45,476 [Worker-8: Launching mavenrun-afa84e40-aa68-49b9-8f4b-c84946dfdfa2] INFO  o.eclipse.m2e.core.internal.Bundles - 	Entry: C:\Users\Amulya\.p2\pool\plugins\org.eclipse.m2e.maven.runtime_3.9.400.20230826-0755\jars\maven-builder-support-3.9.4.jar
2025-05-20 08:10:45,477 [Worker-8: Launching mavenrun-afa84e40-aa68-49b9-8f4b-c84946dfdfa2] INFO  o.eclipse.m2e.core.internal.Bundles - 	Entry: C:\Users\Amulya\.p2\pool\plugins\org.eclipse.m2e.maven.runtime_3.9.400.20230826-0755\jars\maven-compat-3.9.4.jar
2025-05-20 08:10:45,477 [Worker-8: Launching mavenrun-afa84e40-aa68-49b9-8f4b-c84946dfdfa2] INFO  o.eclipse.m2e.core.internal.Bundles - 	Entry: C:\Users\Amulya\.p2\pool\plugins\org.eclipse.m2e.maven.runtime_3.9.400.20230826-0755\jars\maven-core-3.9.4.jar
2025-05-20 08:10:45,477 [Worker-8: Launching mavenrun-afa84e40-aa68-49b9-8f4b-c84946dfdfa2] INFO  o.eclipse.m2e.core.internal.Bundles - 	Entry: C:\Users\Amulya\.p2\pool\plugins\org.eclipse.m2e.maven.runtime_3.9.400.20230826-0755\jars\maven-embedder-3.9.4.jar
2025-05-20 08:10:45,478 [Worker-8: Launching mavenrun-afa84e40-aa68-49b9-8f4b-c84946dfdfa2] INFO  o.eclipse.m2e.core.internal.Bundles - 	Entry: C:\Users\Amulya\.p2\pool\plugins\org.eclipse.m2e.maven.runtime_3.9.400.20230826-0755\jars\maven-model-3.9.4.jar
2025-05-20 08:10:45,478 [Worker-8: Launching mavenrun-afa84e40-aa68-49b9-8f4b-c84946dfdfa2] INFO  o.eclipse.m2e.core.internal.Bundles - 	Entry: C:\Users\Amulya\.p2\pool\plugins\org.eclipse.m2e.maven.runtime_3.9.400.20230826-0755\jars\maven-model-builder-3.9.4.jar
2025-05-20 08:10:45,478 [Worker-8: Launching mavenrun-afa84e40-aa68-49b9-8f4b-c84946dfdfa2] INFO  o.eclipse.m2e.core.internal.Bundles - 	Entry: C:\Users\Amulya\.p2\pool\plugins\org.eclipse.m2e.maven.runtime_3.9.400.20230826-0755\jars\maven-plugin-api-3.9.4.jar
2025-05-20 08:10:45,478 [Worker-8: Launching mavenrun-afa84e40-aa68-49b9-8f4b-c84946dfdfa2] INFO  o.eclipse.m2e.core.internal.Bundles - 	Entry: C:\Users\Amulya\.p2\pool\plugins\org.eclipse.m2e.maven.runtime_3.9.400.20230826-0755\jars\maven-repository-metadata-3.9.4.jar
2025-05-20 08:10:45,478 [Worker-8: Launching mavenrun-afa84e40-aa68-49b9-8f4b-c84946dfdfa2] INFO  o.eclipse.m2e.core.internal.Bundles - 	Entry: C:\Users\Amulya\.p2\pool\plugins\org.eclipse.m2e.maven.runtime_3.9.400.20230826-0755\jars\maven-resolver-api-1.9.14.jar
2025-05-20 08:10:45,479 [Worker-8: Launching mavenrun-afa84e40-aa68-49b9-8f4b-c84946dfdfa2] INFO  o.eclipse.m2e.core.internal.Bundles - 	Entry: C:\Users\Amulya\.p2\pool\plugins\org.eclipse.m2e.maven.runtime_3.9.400.20230826-0755\jars\maven-resolver-connector-basic-1.9.14.jar
2025-05-20 08:10:45,479 [Worker-8: Launching mavenrun-afa84e40-aa68-49b9-8f4b-c84946dfdfa2] INFO  o.eclipse.m2e.core.internal.Bundles - 	Entry: C:\Users\Amulya\.p2\pool\plugins\org.eclipse.m2e.maven.runtime_3.9.400.20230826-0755\jars\maven-resolver-impl-1.9.14.jar
2025-05-20 08:10:45,479 [Worker-8: Launching mavenrun-afa84e40-aa68-49b9-8f4b-c84946dfdfa2] INFO  o.eclipse.m2e.core.internal.Bundles - 	Entry: C:\Users\Amulya\.p2\pool\plugins\org.eclipse.m2e.maven.runtime_3.9.400.20230826-0755\jars\maven-resolver-named-locks-1.9.14.jar
2025-05-20 08:10:45,479 [Worker-8: Launching mavenrun-afa84e40-aa68-49b9-8f4b-c84946dfdfa2] INFO  o.eclipse.m2e.core.internal.Bundles - 	Entry: C:\Users\Amulya\.p2\pool\plugins\org.eclipse.m2e.maven.runtime_3.9.400.20230826-0755\jars\maven-resolver-provider-3.9.4.jar
2025-05-20 08:10:45,479 [Worker-8: Launching mavenrun-afa84e40-aa68-49b9-8f4b-c84946dfdfa2] INFO  o.eclipse.m2e.core.internal.Bundles - 	Entry: C:\Users\Amulya\.p2\pool\plugins\org.eclipse.m2e.maven.runtime_3.9.400.20230826-0755\jars\maven-resolver-spi-1.9.14.jar
2025-05-20 08:10:45,480 [Worker-8: Launching mavenrun-afa84e40-aa68-49b9-8f4b-c84946dfdfa2] INFO  o.eclipse.m2e.core.internal.Bundles - 	Entry: C:\Users\Amulya\.p2\pool\plugins\org.eclipse.m2e.maven.runtime_3.9.400.20230826-0755\jars\maven-resolver-transport-wagon-1.9.14.jar
2025-05-20 08:10:45,480 [Worker-8: Launching mavenrun-afa84e40-aa68-49b9-8f4b-c84946dfdfa2] INFO  o.eclipse.m2e.core.internal.Bundles - 	Entry: C:\Users\Amulya\.p2\pool\plugins\org.eclipse.m2e.maven.runtime_3.9.400.20230826-0755\jars\maven-resolver-util-1.9.14.jar
2025-05-20 08:10:45,480 [Worker-8: Launching mavenrun-afa84e40-aa68-49b9-8f4b-c84946dfdfa2] INFO  o.eclipse.m2e.core.internal.Bundles - 	Entry: C:\Users\Amulya\.p2\pool\plugins\org.eclipse.m2e.maven.runtime_3.9.400.20230826-0755\jars\maven-settings-3.9.4.jar
2025-05-20 08:10:45,480 [Worker-8: Launching mavenrun-afa84e40-aa68-49b9-8f4b-c84946dfdfa2] INFO  o.eclipse.m2e.core.internal.Bundles - 	Entry: C:\Users\Amulya\.p2\pool\plugins\org.eclipse.m2e.maven.runtime_3.9.400.20230826-0755\jars\maven-settings-builder-3.9.4.jar
2025-05-20 08:10:45,481 [Worker-8: Launching mavenrun-afa84e40-aa68-49b9-8f4b-c84946dfdfa2] INFO  o.eclipse.m2e.core.internal.Bundles - 	Entry: C:\Users\Amulya\.p2\pool\plugins\org.eclipse.m2e.maven.runtime_3.9.400.20230826-0755\jars\maven-shared-utils-3.3.4.jar
2025-05-20 08:10:45,481 [Worker-8: Launching mavenrun-afa84e40-aa68-49b9-8f4b-c84946dfdfa2] INFO  o.eclipse.m2e.core.internal.Bundles - 	Entry: C:\Users\Amulya\.p2\pool\plugins\org.eclipse.m2e.maven.runtime_3.9.400.20230826-0755\jars\okhttp-3.14.1.jar
2025-05-20 08:10:45,481 [Worker-8: Launching mavenrun-afa84e40-aa68-49b9-8f4b-c84946dfdfa2] INFO  o.eclipse.m2e.core.internal.Bundles - 	Entry: C:\Users\Amulya\.p2\pool\plugins\org.eclipse.m2e.maven.runtime_3.9.400.20230826-0755\jars\okio-1.17.3.jar
2025-05-20 08:10:45,481 [Worker-8: Launching mavenrun-afa84e40-aa68-49b9-8f4b-c84946dfdfa2] INFO  o.eclipse.m2e.core.internal.Bundles - 	Entry: C:\Users\Amulya\.p2\pool\plugins\org.eclipse.m2e.maven.runtime_3.9.400.20230826-0755\jars\org.eclipse.sisu.inject-0.3.5.jar
2025-05-20 08:10:45,481 [Worker-8: Launching mavenrun-afa84e40-aa68-49b9-8f4b-c84946dfdfa2] INFO  o.eclipse.m2e.core.internal.Bundles - 	Entry: C:\Users\Amulya\.p2\pool\plugins\org.eclipse.m2e.maven.runtime_3.9.400.20230826-0755\jars\org.eclipse.sisu.plexus-0.3.5.jar
2025-05-20 08:10:45,482 [Worker-8: Launching mavenrun-afa84e40-aa68-49b9-8f4b-c84946dfdfa2] INFO  o.eclipse.m2e.core.internal.Bundles - 	Entry: C:\Users\Amulya\.p2\pool\plugins\org.eclipse.m2e.maven.runtime_3.9.400.20230826-0755\jars\plexus-build-api-0.0.7.jar
2025-05-20 08:10:45,482 [Worker-8: Launching mavenrun-afa84e40-aa68-49b9-8f4b-c84946dfdfa2] INFO  o.eclipse.m2e.core.internal.Bundles - 	Entry: C:\Users\Amulya\.p2\pool\plugins\org.eclipse.m2e.maven.runtime_3.9.400.20230826-0755\jars\plexus-cipher-2.0.jar
2025-05-20 08:10:45,482 [Worker-8: Launching mavenrun-afa84e40-aa68-49b9-8f4b-c84946dfdfa2] INFO  o.eclipse.m2e.core.internal.Bundles - 	Entry: C:\Users\Amulya\.p2\pool\plugins\org.eclipse.m2e.maven.runtime_3.9.400.20230826-0755\jars\plexus-classworlds-2.7.0.jar
2025-05-20 08:10:45,482 [Worker-8: Launching mavenrun-afa84e40-aa68-49b9-8f4b-c84946dfdfa2] INFO  o.eclipse.m2e.core.internal.Bundles - 	Entry: C:\Users\Amulya\.p2\pool\plugins\org.eclipse.m2e.maven.runtime_3.9.400.20230826-0755\jars\plexus-component-annotations-2.1.0.jar
2025-05-20 08:10:45,482 [Worker-8: Launching mavenrun-afa84e40-aa68-49b9-8f4b-c84946dfdfa2] INFO  o.eclipse.m2e.core.internal.Bundles - 	Entry: C:\Users\Amulya\.p2\pool\plugins\org.eclipse.m2e.maven.runtime_3.9.400.20230826-0755\jars\plexus-interpolation-1.26.jar
2025-05-20 08:10:45,483 [Worker-8: Launching mavenrun-afa84e40-aa68-49b9-8f4b-c84946dfdfa2] INFO  o.eclipse.m2e.core.internal.Bundles - 	Entry: C:\Users\Amulya\.p2\pool\plugins\org.eclipse.m2e.maven.runtime_3.9.400.20230826-0755\jars\plexus-sec-dispatcher-2.0.jar
2025-05-20 08:10:45,483 [Worker-8: Launching mavenrun-afa84e40-aa68-49b9-8f4b-c84946dfdfa2] INFO  o.eclipse.m2e.core.internal.Bundles - 	Entry: C:\Users\Amulya\.p2\pool\plugins\org.eclipse.m2e.maven.runtime_3.9.400.20230826-0755\jars\plexus-utils-3.5.1.jar
2025-05-20 08:10:45,483 [Worker-8: Launching mavenrun-afa84e40-aa68-49b9-8f4b-c84946dfdfa2] INFO  o.eclipse.m2e.core.internal.Bundles - 	Entry: C:\Users\Amulya\.p2\pool\plugins\org.eclipse.m2e.maven.runtime_3.9.400.20230826-0755\jars\wagon-file-3.5.3.jar
2025-05-20 08:10:45,483 [Worker-8: Launching mavenrun-afa84e40-aa68-49b9-8f4b-c84946dfdfa2] INFO  o.eclipse.m2e.core.internal.Bundles - 	Entry: C:\Users\Amulya\.p2\pool\plugins\org.eclipse.m2e.maven.runtime_3.9.400.20230826-0755\jars\wagon-provider-api-3.5.3.jar
2025-05-20 08:10:45,486 [Worker-8: Launching mavenrun-afa84e40-aa68-49b9-8f4b-c84946dfdfa2] INFO  o.eclipse.m2e.core.internal.Bundles - getClasspathEntries(Bundle=com.google.guava_32.1.2.jre [10])
2025-05-20 08:10:45,487 [Worker-8: Launching mavenrun-afa84e40-aa68-49b9-8f4b-c84946dfdfa2] INFO  o.eclipse.m2e.core.internal.Bundles - 	Entry: C:\Users\Amulya\.p2\pool\plugins\com.google.guava_32.1.2.jre.jar
2025-05-20 08:10:45,487 [Worker-8: Launching mavenrun-afa84e40-aa68-49b9-8f4b-c84946dfdfa2] INFO  o.eclipse.m2e.core.internal.Bundles - getClasspathEntries(Bundle=slf4j.api_2.0.9 [518])
2025-05-20 08:10:45,488 [Worker-8: Launching mavenrun-afa84e40-aa68-49b9-8f4b-c84946dfdfa2] INFO  o.eclipse.m2e.core.internal.Bundles - 	Entry: C:\Users\Amulya\.p2\pool\plugins\slf4j.api_2.0.9.jar
2025-05-20 08:10:45,488 [Worker-8: Launching mavenrun-afa84e40-aa68-49b9-8f4b-c84946dfdfa2] INFO  o.eclipse.m2e.core.internal.Bundles - getClasspathEntries(Bundle=javax.inject_1.0.0.v20220405-0441 [26])
2025-05-20 08:10:45,489 [Worker-8: Launching mavenrun-afa84e40-aa68-49b9-8f4b-c84946dfdfa2] INFO  o.eclipse.m2e.core.internal.Bundles - 	Entry: C:\Users\Amulya\.p2\pool\plugins\javax.inject_1.0.0.v20220405-0441.jar
2025-05-20 08:10:45,489 [Worker-8: Launching mavenrun-afa84e40-aa68-49b9-8f4b-c84946dfdfa2] INFO  o.eclipse.m2e.core.internal.Bundles - getClasspathEntries(Bundle=javax.annotation_1.3.5.v20200909-1856 [24])
2025-05-20 08:10:45,489 [Worker-8: Launching mavenrun-afa84e40-aa68-49b9-8f4b-c84946dfdfa2] INFO  o.eclipse.m2e.core.internal.Bundles - 	Entry: C:\Users\Amulya\.p2\pool\plugins\javax.annotation_1.3.5.v20200909-1856.jar
2025-05-20 08:10:45,490 [Worker-8: Launching mavenrun-afa84e40-aa68-49b9-8f4b-c84946dfdfa2] INFO  o.eclipse.m2e.core.internal.Bundles - getClasspathEntries(Bundle=org.apache.commons.cli_1.5.0 [49])
2025-05-20 08:10:45,490 [Worker-8: Launching mavenrun-afa84e40-aa68-49b9-8f4b-c84946dfdfa2] INFO  o.eclipse.m2e.core.internal.Bundles - 	Entry: C:\Users\Amulya\.p2\pool\plugins\org.apache.commons.cli_1.5.0.jar
2025-05-20 08:10:45,490 [Worker-8: Launching mavenrun-afa84e40-aa68-49b9-8f4b-c84946dfdfa2] INFO  o.eclipse.m2e.core.internal.Bundles - getClasspathEntries(Bundle=com.google.guava.failureaccess_1.0.1 [12])
2025-05-20 08:10:45,491 [Worker-8: Launching mavenrun-afa84e40-aa68-49b9-8f4b-c84946dfdfa2] INFO  o.eclipse.m2e.core.internal.Bundles - 	Entry: C:\Users\Amulya\.p2\pool\plugins\com.google.guava.failureaccess_1.0.1.jar
2025-05-20 08:10:45,502 [Worker-8: Launching mavenrun-afa84e40-aa68-49b9-8f4b-c84946dfdfa2] INFO  o.e.m.i.launch.MavenLaunchDelegate - Run build in "C:\Users\Amulya\AppData\Local\Temp\m2e-archetypeGenerator10032646151832330369":
2025-05-20 08:10:45,512 [Worker-8: Launching mavenrun-afa84e40-aa68-49b9-8f4b-c84946dfdfa2] INFO  o.e.m.i.launch.MavenLaunchDelegate -  mvn  -DarchetypeGroupId=org.apache.maven.archetypes -DarchetypeArtifactId=maven-archetype-quickstart -DarchetypeVersion=1.1 -DgroupId=Quiz_Workspace -DartifactId=Quiz_Work -Dversion=0.0.1-SNAPSHOT -Dpackage=Quiz_Workspace.Quiz_Work -DoutputDirectory="D:\Eclipse Code Files\Semester-2\Project" -Dstyle.color=always -U archetype:generate
2025-05-20 08:11:00,504 [Worker-11: Creating maven-archetype-quickstart] INFO  o.e.m.c.i.p.ProjectConfigurationManager - Collecting project info '/pom.xml' D:\Eclipse Code Files\Semester-2\Project\Quiz_Work\pom.xml
2025-05-20 08:11:01,093 [Worker-11: Creating maven-archetype-quickstart] INFO  o.e.m.c.i.l.LifecycleMappingFactory - Using org.eclipse.m2e.jdt.JarLifecycleMapping lifecycle mapping for MavenProject: Quiz_Workspace:Quiz_Work:0.0.1-SNAPSHOT @ D:\Eclipse Code Files\Semester-2\Project\Quiz_Work\pom.xml.
2025-05-20 08:11:01,922 [Worker-11: Creating maven-archetype-quickstart] INFO  o.e.m.j.i.AbstractJavaProjectConfigurator - Adding source folder /Quiz_Work/src/main/java
2025-05-20 08:11:01,922 [Worker-11: Creating maven-archetype-quickstart] INFO  o.e.m.j.i.AbstractJavaProjectConfigurator - Adding resource folder /Quiz_Work/src/main/resources
2025-05-20 08:11:01,937 [Worker-11: Creating maven-archetype-quickstart] INFO  o.e.m.j.i.AbstractJavaProjectConfigurator - Adding source folder /Quiz_Work/src/test/java
2025-05-20 08:11:01,937 [Worker-11: Creating maven-archetype-quickstart] INFO  o.e.m.j.i.AbstractJavaProjectConfigurator - Adding resource folder /Quiz_Work/src/test/resources
2025-05-20 08:11:02,141 [Worker-11: Creating maven-archetype-quickstart] INFO  o.e.m.c.i.p.ProjectConfigurationManager - Imported and configured 1 project(s) in 1 sec
2025-05-20 08:11:02,718 [Worker-39: Building] INFO  o.a.m.s.f.DefaultMavenResourcesFiltering - skip non existing resourceDirectory D:\Eclipse Code Files\Semester-2\Project\Quiz_Work\src\main\resources
2025-05-20 08:11:02,723 [Worker-39: Building] INFO  o.a.m.s.f.DefaultMavenResourcesFiltering - skip non existing resourceDirectory D:\Eclipse Code Files\Semester-2\Project\Quiz_Work\src\test\resources
2025-05-20 08:12:41,492 [Worker-8: Building] INFO  o.a.m.s.f.DefaultMavenResourcesFiltering - skip non existing resourceDirectory D:\Eclipse Code Files\Semester-2\Project\Quiz_Work\src\main\resources
2025-05-20 08:12:41,496 [Worker-8: Building] INFO  o.a.m.s.f.DefaultMavenResourcesFiltering - skip non existing resourceDirectory D:\Eclipse Code Files\Semester-2\Project\Quiz_Work\src\test\resources
2025-05-20 08:14:55,115 [Worker-2: Building] INFO  o.a.m.s.f.DefaultMavenResourcesFiltering - skip non existing resourceDirectory D:\Eclipse Code Files\Semester-2\Project\Quiz_Work\src\main\resources
2025-05-20 08:14:55,118 [Worker-2: Building] INFO  o.a.m.s.f.DefaultMavenResourcesFiltering - skip non existing resourceDirectory D:\Eclipse Code Files\Semester-2\Project\Quiz_Work\src\test\resources
2025-05-20 08:15:10,567 [Worker-40: Building] INFO  o.a.m.s.f.DefaultMavenResourcesFiltering - skip non existing resourceDirectory D:\Eclipse Code Files\Semester-2\Project\Quiz_Work\src\main\resources
2025-05-20 08:15:10,569 [Worker-40: Building] INFO  o.a.m.s.f.DefaultMavenResourcesFiltering - skip non existing resourceDirectory D:\Eclipse Code Files\Semester-2\Project\Quiz_Work\src\test\resources
2025-05-20 08:15:46,400 [Worker-40: Building] INFO  o.a.m.s.f.DefaultMavenResourcesFiltering - skip non existing resourceDirectory D:\Eclipse Code Files\Semester-2\Project\Quiz_Work\src\main\resources
2025-05-20 08:15:46,403 [Worker-40: Building] INFO  o.a.m.s.f.DefaultMavenResourcesFiltering - skip non existing resourceDirectory D:\Eclipse Code Files\Semester-2\Project\Quiz_Work\src\test\resources
2025-05-20 08:17:42,462 [Worker-8: Building] INFO  o.a.m.s.f.DefaultMavenResourcesFiltering - skip non existing resourceDirectory D:\Eclipse Code Files\Semester-2\Project\Quiz_Work\src\main\resources
2025-05-20 08:17:42,467 [Worker-8: Building] INFO  o.a.m.s.f.DefaultMavenResourcesFiltering - skip non existing resourceDirectory D:\Eclipse Code Files\Semester-2\Project\Quiz_Work\src\test\resources
2025-05-20 08:19:15,077 [Worker-39: Building] INFO  o.a.m.s.f.DefaultMavenResourcesFiltering - skip non existing resourceDirectory D:\Eclipse Code Files\Semester-2\Project\Quiz_Work\src\main\resources
2025-05-20 08:19:15,079 [Worker-39: Building] INFO  o.a.m.s.f.DefaultMavenResourcesFiltering - skip non existing resourceDirectory D:\Eclipse Code Files\Semester-2\Project\Quiz_Work\src\test\resources
2025-05-20 08:19:47,627 [Worker-43: Building] INFO  o.e.m.c.i.l.LifecycleMappingFactory - Using org.eclipse.m2e.jdt.JarLifecycleMapping lifecycle mapping for MavenProject: Quiz_Workspace:Quiz_Work:0.0.1-SNAPSHOT @ D:\Eclipse Code Files\Semester-2\Project\Quiz_Work\pom.xml.
2025-05-20 08:19:47,885 [Worker-43: Building] INFO  o.a.m.s.f.DefaultMavenResourcesFiltering - skip non existing resourceDirectory D:\Eclipse Code Files\Semester-2\Project\Quiz_Work\src\main\resources
2025-05-20 08:19:47,890 [Worker-43: Building] INFO  o.a.m.s.f.DefaultMavenResourcesFiltering - skip non existing resourceDirectory D:\Eclipse Code Files\Semester-2\Project\Quiz_Work\src\test\resources
2025-05-20 08:21:23,137 [Worker-43: Launching App (1)] INFO  o.a.m.s.f.DefaultMavenResourcesFiltering - skip non existing resourceDirectory D:\Eclipse Code Files\Semester-2\Project\Quiz_Work\src\main\resources
2025-05-20 08:21:23,143 [Worker-43: Launching App (1)] INFO  o.a.m.s.f.DefaultMavenResourcesFiltering - skip non existing resourceDirectory D:\Eclipse Code Files\Semester-2\Project\Quiz_Work\src\test\resources
2025-05-20 08:27:29,819 [Worker-47: Building] INFO  o.a.m.s.f.DefaultMavenResourcesFiltering - skip non existing resourceDirectory D:\Eclipse Code Files\Semester-2\Project\Quiz_Work\src\main\resources
2025-05-20 08:27:29,820 [Worker-47: Building] INFO  o.a.m.s.f.DefaultMavenResourcesFiltering - skip non existing resourceDirectory D:\Eclipse Code Files\Semester-2\Project\Quiz_Work\src\test\resources
2025-05-20 08:27:57,255 [Worker-47: Launching App (1)] INFO  o.a.m.s.f.DefaultMavenResourcesFiltering - skip non existing resourceDirectory D:\Eclipse Code Files\Semester-2\Project\Quiz_Work\src\main\resources
2025-05-20 08:27:57,258 [Worker-47: Launching App (1)] INFO  o.a.m.s.f.DefaultMavenResourcesFiltering - skip non existing resourceDirectory D:\Eclipse Code Files\Semester-2\Project\Quiz_Work\src\test\resources
2025-05-20 08:28:42,075 [Worker-50: Building] INFO  o.a.m.s.f.DefaultMavenResourcesFiltering - skip non existing resourceDirectory D:\Eclipse Code Files\Semester-2\Project\Quiz_Work\src\main\resources
2025-05-20 08:28:42,077 [Worker-50: Building] INFO  o.a.m.s.f.DefaultMavenResourcesFiltering - skip non existing resourceDirectory D:\Eclipse Code Files\Semester-2\Project\Quiz_Work\src\test\resources
2025-05-20 08:32:15,974 [Worker-47: Building] INFO  o.a.m.s.f.DefaultMavenResourcesFiltering - skip non existing resourceDirectory D:\Eclipse Code Files\Semester-2\Project\Quiz_Work\src\main\resources
2025-05-20 08:32:15,975 [Worker-47: Building] INFO  o.a.m.s.f.DefaultMavenResourcesFiltering - skip non existing resourceDirectory D:\Eclipse Code Files\Semester-2\Project\Quiz_Work\src\test\resources
2025-05-20 08:34:44,871 [Worker-47: Launching App (1)] INFO  o.a.m.s.f.DefaultMavenResourcesFiltering - skip non existing resourceDirectory D:\Eclipse Code Files\Semester-2\Project\Quiz_Work\src\main\resources
2025-05-20 08:34:44,873 [Worker-47: Launching App (1)] INFO  o.a.m.s.f.DefaultMavenResourcesFiltering - skip non existing resourceDirectory D:\Eclipse Code Files\Semester-2\Project\Quiz_Work\src\test\resources
2025-05-20 08:40:19,275 [Worker-50: Launching App (1)] INFO  o.a.m.s.f.DefaultMavenResourcesFiltering - skip non existing resourceDirectory D:\Eclipse Code Files\Semester-2\Project\Quiz_Work\src\main\resources
2025-05-20 08:40:19,278 [Worker-50: Launching App (1)] INFO  o.a.m.s.f.DefaultMavenResourcesFiltering - skip non existing resourceDirectory D:\Eclipse Code Files\Semester-2\Project\Quiz_Work\src\test\resources
2025-05-20 08:41:38,897 [Worker-48: Launching App (1)] INFO  o.a.m.s.f.DefaultMavenResourcesFiltering - skip non existing resourceDirectory D:\Eclipse Code Files\Semester-2\Project\Quiz_Work\src\main\resources
2025-05-20 08:41:38,899 [Worker-48: Launching App (1)] INFO  o.a.m.s.f.DefaultMavenResourcesFiltering - skip non existing resourceDirectory D:\Eclipse Code Files\Semester-2\Project\Quiz_Work\src\test\resources
2025-05-20 08:44:24,696 [Worker-50: Launching App (1)] INFO  o.a.m.s.f.DefaultMavenResourcesFiltering - skip non existing resourceDirectory D:\Eclipse Code Files\Semester-2\Project\Quiz_Work\src\main\resources
2025-05-20 08:44:24,698 [Worker-50: Launching App (1)] INFO  o.a.m.s.f.DefaultMavenResourcesFiltering - skip non existing resourceDirectory D:\Eclipse Code Files\Semester-2\Project\Quiz_Work\src\test\resources
2025-05-20 08:44:51,970 [Worker-42: Launching App (1)] INFO  o.a.m.s.f.DefaultMavenResourcesFiltering - skip non existing resourceDirectory D:\Eclipse Code Files\Semester-2\Project\Quiz_Work\src\main\resources
2025-05-20 08:44:51,972 [Worker-42: Launching App (1)] INFO  o.a.m.s.f.DefaultMavenResourcesFiltering - skip non existing resourceDirectory D:\Eclipse Code Files\Semester-2\Project\Quiz_Work\src\test\resources
2025-05-20 08:45:22,430 [Worker-44: Launching App (1)] INFO  o.a.m.s.f.DefaultMavenResourcesFiltering - skip non existing resourceDirectory D:\Eclipse Code Files\Semester-2\Project\Quiz_Work\src\main\resources
2025-05-20 08:45:22,433 [Worker-44: Launching App (1)] INFO  o.a.m.s.f.DefaultMavenResourcesFiltering - skip non existing resourceDirectory D:\Eclipse Code Files\Semester-2\Project\Quiz_Work\src\test\resources
2025-05-20 08:45:31,984 [Worker-44: Launching App (1)] INFO  o.a.m.s.f.DefaultMavenResourcesFiltering - skip non existing resourceDirectory D:\Eclipse Code Files\Semester-2\Project\Quiz_Work\src\main\resources
2025-05-20 08:45:31,986 [Worker-44: Launching App (1)] INFO  o.a.m.s.f.DefaultMavenResourcesFiltering - skip non existing resourceDirectory D:\Eclipse Code Files\Semester-2\Project\Quiz_Work\src\test\resources
2025-05-20 08:45:43,997 [Worker-50: Launching App (1)] INFO  o.a.m.s.f.DefaultMavenResourcesFiltering - skip non existing resourceDirectory D:\Eclipse Code Files\Semester-2\Project\Quiz_Work\src\main\resources
2025-05-20 08:45:44,002 [Worker-50: Launching App (1)] INFO  o.a.m.s.f.DefaultMavenResourcesFiltering - skip non existing resourceDirectory D:\Eclipse Code Files\Semester-2\Project\Quiz_Work\src\test\resources
2025-05-20 08:48:12,955 [Worker-42: Launching App (1)] INFO  o.a.m.s.f.DefaultMavenResourcesFiltering - skip non existing resourceDirectory D:\Eclipse Code Files\Semester-2\Project\Quiz_Work\src\main\resources
2025-05-20 08:48:12,957 [Worker-42: Launching App (1)] INFO  o.a.m.s.f.DefaultMavenResourcesFiltering - skip non existing resourceDirectory D:\Eclipse Code Files\Semester-2\Project\Quiz_Work\src\test\resources
2025-05-20 08:48:48,452 [Worker-49: Building] INFO  o.a.m.s.f.DefaultMavenResourcesFiltering - skip non existing resourceDirectory D:\Eclipse Code Files\Semester-2\Project\Quiz_Work\src\main\resources
2025-05-20 08:48:48,455 [Worker-49: Building] INFO  o.a.m.s.f.DefaultMavenResourcesFiltering - skip non existing resourceDirectory D:\Eclipse Code Files\Semester-2\Project\Quiz_Work\src\test\resources
2025-05-20 08:52:03,792 [Worker-52: Building] INFO  o.a.m.s.f.DefaultMavenResourcesFiltering - skip non existing resourceDirectory D:\Eclipse Code Files\Semester-2\Project\Quiz_Work\src\main\resources
2025-05-20 08:52:03,794 [Worker-52: Building] INFO  o.a.m.s.f.DefaultMavenResourcesFiltering - skip non existing resourceDirectory D:\Eclipse Code Files\Semester-2\Project\Quiz_Work\src\test\resources
2025-05-20 08:52:34,950 [Worker-53: Building] INFO  o.a.m.s.f.DefaultMavenResourcesFiltering - skip non existing resourceDirectory D:\Eclipse Code Files\Semester-2\Project\Quiz_Work\src\main\resources
2025-05-20 08:52:34,951 [Worker-53: Building] INFO  o.a.m.s.f.DefaultMavenResourcesFiltering - skip non existing resourceDirectory D:\Eclipse Code Files\Semester-2\Project\Quiz_Work\src\test\resources
2025-05-20 08:55:06,469 [Worker-55: Building] INFO  o.a.m.s.f.DefaultMavenResourcesFiltering - skip non existing resourceDirectory D:\Eclipse Code Files\Semester-2\Project\Quiz_Work\src\main\resources
2025-05-20 08:55:06,471 [Worker-55: Building] INFO  o.a.m.s.f.DefaultMavenResourcesFiltering - skip non existing resourceDirectory D:\Eclipse Code Files\Semester-2\Project\Quiz_Work\src\test\resources
